ARM Linker, 5.03 [Build 24] [MDK-ARM Lite]

==============================================================================

Section Cross References

    txtttx.o(RESET) refers to txtttx.o(mycode) for Reset_Handler
    txtttx.o(mycode) refers to txtttx.o(Mydata) for DST


==============================================================================

Image Symbol Table

    Local Symbols

    Symbol Name                              Value     Ov Type        Size  Object(Section)

    RESET                                    0x00000000   Section        8  txtttx.o(RESET)
    txtttx.s                                 0x00000000   Number         0  txtttx.o ABSOLUTE
    mycode                                   0x00000008   Section       48  txtttx.o(mycode)
    SRC                                      0x00000020   Data          16  txtttx.o(mycode)
    Mydata                                   0x10000000   Section       12  txtttx.o(Mydata)
    DST                                      0x10000000   Data          12  txtttx.o(Mydata)

    Global Symbols

    Symbol Name                              Value     Ov Type        Size  Object(Section)

    BuildAttributes$$THM_ISAv4$P$D$K$B$S$PE$A:L22UL41UL21$X:L11$S22US41US21$IEEE1$IW$USESV6$~STKCKD$USESV7$~SHL$OSPACE$EBA8$STANDARDLIB$PRES8$EABIv2 0x00000000   Number         0  anon$$obj.o ABSOLUTE
    __Vectors                                0x00000000   Data           0  txtttx.o(RESET)
    Reset_Handler                            0x00000009   Thumb Code     0  txtttx.o(mycode)



==============================================================================

Memory Map of the image

  Image Entry point : 0x00000009

  Load Region LR_1 (Base: 0x00000000, Size: 0x00000044, Max: 0xffffffff, ABSOLUTE)

    Execution Region ER_RO (Base: 0x00000000, Size: 0x00000038, Max: 0xffffffff, ABSOLUTE)

    Base Addr    Size         Type   Attr      Idx    E Section Name        Object

    0x00000000   0x00000008   Data   RO            1    RESET               txtttx.o
    0x00000008   0x00000030   Code   RO            2  * mycode              txtttx.o


    Execution Region ER_RW (Base: 0x10000000, Size: 0x0000000c, Max: 0xffffffff, ABSOLUTE)

    Base Addr    Size         Type   Attr      Idx    E Section Name        Object

    0x10000000   0x0000000c   Data   RW            3    Mydata              txtttx.o


    Execution Region ER_ZI (Base: 0x1000000c, Size: 0x00000000, Max: 0xffffffff, ABSOLUTE)

    **** No section assigned to this execution region ****


==============================================================================

Image component sizes


      Code (inc. data)   RO Data    RW Data    ZI Data      Debug   Object Name

        48         26          8         12          0        188   txtttx.o

    ----------------------------------------------------------------------
        48         26          8         12          0        188   Object Totals
         0          0          0          0          0          0   (incl. Generated)
         0          0          0          0          0          0   (incl. Padding)

    ----------------------------------------------------------------------
         0          0          0          0          0          0   Library Totals
         0          0          0          0          0          0   (incl. Padding)

    ----------------------------------------------------------------------

==============================================================================


      Code (inc. data)   RO Data    RW Data    ZI Data      Debug   

        48         26          8         12          0        188   Grand Totals
        48         26          8         12          0        188   ELF Image Totals
        48         26          8         12          0          0   ROM Totals

==============================================================================

    Total RO  Size (Code + RO Data)                   56 (   0.05kB)
    Total RW  Size (RW Data + ZI Data)                12 (   0.01kB)
    Total ROM Size (Code + RO Data + RW Data)         68 (   0.07kB)

==============================================================================

